Traceback (most recent call last):
  File "/home/hyperlink/Desktop/Projects/DailyPlanner/.venv/lib/python3.12/site-packages/sqlalchemy/dialects/postgresql/asyncpg.py", line 526, in _prepare_and_execute
    prepared_stmt, attributes = await adapt_connection._prepare(
                                ^^^^^^^^^^^^^^^^^^^^^^^^^^^^^^^^
  File "/home/hyperlink/Desktop/Projects/DailyPlanner/.venv/lib/python3.12/site-packages/sqlalchemy/dialects/postgresql/asyncpg.py", line 773, in _prepare
    prepared_stmt = await self._connection.prepare(
                    ^^^^^^^^^^^^^^^^^^^^^^^^^^^^^^^
  File "/home/hyperlink/Desktop/Projects/DailyPlanner/.venv/lib/python3.12/site-packages/asyncpg/connection.py", line 638, in prepare
    return await self._prepare(
           ^^^^^^^^^^^^^^^^^^^^
  File "/home/hyperlink/Desktop/Projects/DailyPlanner/.venv/lib/python3.12/site-packages/asyncpg/connection.py", line 657, in _prepare
    stmt = await self._get_statement(
           ^^^^^^^^^^^^^^^^^^^^^^^^^^
  File "/home/hyperlink/Desktop/Projects/DailyPlanner/.venv/lib/python3.12/site-packages/asyncpg/connection.py", line 443, in _get_statement
    statement = await self._protocol.prepare(
                ^^^^^^^^^^^^^^^^^^^^^^^^^^^^^
  File "asyncpg/protocol/protocol.pyx", line 165, in prepare
asyncpg.exceptions.DatatypeMismatchError: column "target_time" is of type time without time zone but expression is of type character varying
HINT:  You will need to rewrite or cast the expression.

The above exception was the direct cause of the following exception:

Traceback (most recent call last):
  File "/home/hyperlink/Desktop/Projects/DailyPlanner/.venv/lib/python3.12/site-packages/sqlalchemy/engine/base.py", line 1969, in _exec_single_context
    self.dialect.do_execute(
  File "/home/hyperlink/Desktop/Projects/DailyPlanner/.venv/lib/python3.12/site-packages/sqlalchemy/engine/default.py", line 952, in do_execute
    cursor.execute(statement, parameters)
  File "/home/hyperlink/Desktop/Projects/DailyPlanner/.venv/lib/python3.12/site-packages/sqlalchemy/dialects/postgresql/asyncpg.py", line 585, in execute
    self._adapt_connection.await_(
  File "/home/hyperlink/Desktop/Projects/DailyPlanner/.venv/lib/python3.12/site-packages/sqlalchemy/util/_concurrency_py3k.py", line 132, in await_only
    return current.parent.switch(awaitable)  # type: ignore[no-any-return,attr-defined] # noqa: E501
           ^^^^^^^^^^^^^^^^^^^^^^^^^^^^^^^^
  File "/home/hyperlink/Desktop/Projects/DailyPlanner/.venv/lib/python3.12/site-packages/sqlalchemy/util/_concurrency_py3k.py", line 196, in greenlet_spawn
    value = await result
            ^^^^^^^^^^^^
  File "/home/hyperlink/Desktop/Projects/DailyPlanner/.venv/lib/python3.12/site-packages/sqlalchemy/dialects/postgresql/asyncpg.py", line 563, in _prepare_and_execute
    self._handle_exception(error)
  File "/home/hyperlink/Desktop/Projects/DailyPlanner/.venv/lib/python3.12/site-packages/sqlalchemy/dialects/postgresql/asyncpg.py", line 513, in _handle_exception
    self._adapt_connection._handle_exception(error)
  File "/home/hyperlink/Desktop/Projects/DailyPlanner/.venv/lib/python3.12/site-packages/sqlalchemy/dialects/postgresql/asyncpg.py", line 797, in _handle_exception
    raise translated_error from error
sqlalchemy.dialects.postgresql.asyncpg.AsyncAdapt_asyncpg_dbapi.ProgrammingError: <class 'asyncpg.exceptions.DatatypeMismatchError'>: column "target_time" is of type time without time zone but expression is of type character varying
HINT:  You will need to rewrite or cast the expression.

The above exception was the direct cause of the following exception:

Traceback (most recent call last):
  File "/home/hyperlink/Desktop/Projects/DailyPlanner/backend/api/template_api.py", line 142, in create_template_task
    task = await _service.create_template_task(db, template, payload)
           ^^^^^^^^^^^^^^^^^^^^^^^^^^^^^^^^^^^^^^^^^^^^^^^^^^^^^^^^^^
  File "/home/hyperlink/Desktop/Projects/DailyPlanner/backend/services/template_service.py", line 254, in create_template_task
    await db.commit()
  File "/home/hyperlink/Desktop/Projects/DailyPlanner/.venv/lib/python3.12/site-packages/sqlalchemy/ext/asyncio/session.py", line 999, in commit
    await greenlet_spawn(self.sync_session.commit)
  File "/home/hyperlink/Desktop/Projects/DailyPlanner/.venv/lib/python3.12/site-packages/sqlalchemy/util/_concurrency_py3k.py", line 203, in greenlet_spawn
    result = context.switch(value)
             ^^^^^^^^^^^^^^^^^^^^^
  File "/home/hyperlink/Desktop/Projects/DailyPlanner/.venv/lib/python3.12/site-packages/sqlalchemy/orm/session.py", line 2035, in commit
    trans.commit(_to_root=True)
  File "<string>", line 2, in commit
  File "/home/hyperlink/Desktop/Projects/DailyPlanner/.venv/lib/python3.12/site-packages/sqlalchemy/orm/state_changes.py", line 137, in _go
    ret_value = fn(self, *arg, **kw)
                ^^^^^^^^^^^^^^^^^^^^
  File "/home/hyperlink/Desktop/Projects/DailyPlanner/.venv/lib/python3.12/site-packages/sqlalchemy/orm/session.py", line 1316, in commit
    self._prepare_impl()
  File "<string>", line 2, in _prepare_impl
  File "/home/hyperlink/Desktop/Projects/DailyPlanner/.venv/lib/python3.12/site-packages/sqlalchemy/orm/state_changes.py", line 137, in _go
    ret_value = fn(self, *arg, **kw)
                ^^^^^^^^^^^^^^^^^^^^
  File "/home/hyperlink/Desktop/Projects/DailyPlanner/.venv/lib/python3.12/site-packages/sqlalchemy/orm/session.py", line 1290, in _prepare_impl
    self.session.flush()
  File "/home/hyperlink/Desktop/Projects/DailyPlanner/.venv/lib/python3.12/site-packages/sqlalchemy/orm/session.py", line 4353, in flush
    self._flush(objects)
  File "/home/hyperlink/Desktop/Projects/DailyPlanner/.venv/lib/python3.12/site-packages/sqlalchemy/orm/session.py", line 4488, in _flush
    with util.safe_reraise():
  File "/home/hyperlink/Desktop/Projects/DailyPlanner/.venv/lib/python3.12/site-packages/sqlalchemy/util/langhelpers.py", line 122, in __exit__
    raise exc_value.with_traceback(exc_tb)
  File "/home/hyperlink/Desktop/Projects/DailyPlanner/.venv/lib/python3.12/site-packages/sqlalchemy/orm/session.py", line 4449, in _flush
    flush_context.execute()
  File "/home/hyperlink/Desktop/Projects/DailyPlanner/.venv/lib/python3.12/site-packages/sqlalchemy/orm/unitofwork.py", line 465, in execute
    rec.execute(self)
  File "/home/hyperlink/Desktop/Projects/DailyPlanner/.venv/lib/python3.12/site-packages/sqlalchemy/orm/unitofwork.py", line 641, in execute
    util.preloaded.orm_persistence.save_obj(
  File "/home/hyperlink/Desktop/Projects/DailyPlanner/.venv/lib/python3.12/site-packages/sqlalchemy/orm/persistence.py", line 94, in save_obj
    _emit_insert_statements(
  File "/home/hyperlink/Desktop/Projects/DailyPlanner/.venv/lib/python3.12/site-packages/sqlalchemy/orm/persistence.py", line 1234, in _emit_insert_statements
    result = connection.execute(
             ^^^^^^^^^^^^^^^^^^^
  File "/home/hyperlink/Desktop/Projects/DailyPlanner/.venv/lib/python3.12/site-packages/sqlalchemy/engine/base.py", line 1421, in execute
    return meth(
           ^^^^^
  File "/home/hyperlink/Desktop/Projects/DailyPlanner/.venv/lib/python3.12/site-packages/sqlalchemy/sql/elements.py", line 526, in _execute_on_connection
    return connection._execute_clauseelement(
           ^^^^^^^^^^^^^^^^^^^^^^^^^^^^^^^^^^
  File "/home/hyperlink/Desktop/Projects/DailyPlanner/.venv/lib/python3.12/site-packages/sqlalchemy/engine/base.py", line 1643, in _execute_clauseelement
    ret = self._execute_context(
          ^^^^^^^^^^^^^^^^^^^^^^
  File "/home/hyperlink/Desktop/Projects/DailyPlanner/.venv/lib/python3.12/site-packages/sqlalchemy/engine/base.py", line 1848, in _execute_context
    return self._exec_single_context(
           ^^^^^^^^^^^^^^^^^^^^^^^^^^
  File "/home/hyperlink/Desktop/Projects/DailyPlanner/.venv/lib/python3.12/site-packages/sqlalchemy/engine/base.py", line 1988, in _exec_single_context
    self._handle_dbapi_exception(
  File "/home/hyperlink/Desktop/Projects/DailyPlanner/.venv/lib/python3.12/site-packages/sqlalchemy/engine/base.py", line 2365, in _handle_dbapi_exception
    raise sqlalchemy_exception.with_traceback(exc_info[2]) from e
  File "/home/hyperlink/Desktop/Projects/DailyPlanner/.venv/lib/python3.12/site-packages/sqlalchemy/engine/base.py", line 1969, in _exec_single_context
    self.dialect.do_execute(
  File "/home/hyperlink/Desktop/Projects/DailyPlanner/.venv/lib/python3.12/site-packages/sqlalchemy/engine/default.py", line 952, in do_execute
    cursor.execute(statement, parameters)
  File "/home/hyperlink/Desktop/Projects/DailyPlanner/.venv/lib/python3.12/site-packages/sqlalchemy/dialects/postgresql/asyncpg.py", line 585, in execute
    self._adapt_connection.await_(
  File "/home/hyperlink/Desktop/Projects/DailyPlanner/.venv/lib/python3.12/site-packages/sqlalchemy/util/_concurrency_py3k.py", line 132, in await_only
    return current.parent.switch(awaitable)  # type: ignore[no-any-return,attr-defined] # noqa: E501
           ^^^^^^^^^^^^^^^^^^^^^^^^^^^^^^^^
  File "/home/hyperlink/Desktop/Projects/DailyPlanner/.venv/lib/python3.12/site-packages/sqlalchemy/util/_concurrency_py3k.py", line 196, in greenlet_spawn
    value = await result
            ^^^^^^^^^^^^
  File "/home/hyperlink/Desktop/Projects/DailyPlanner/.venv/lib/python3.12/site-packages/sqlalchemy/dialects/postgresql/asyncpg.py", line 563, in _prepare_and_execute
    self._handle_exception(error)
  File "/home/hyperlink/Desktop/Projects/DailyPlanner/.venv/lib/python3.12/site-packages/sqlalchemy/dialects/postgresql/asyncpg.py", line 513, in _handle_exception
    self._adapt_connection._handle_exception(error)
  File "/home/hyperlink/Desktop/Projects/DailyPlanner/.venv/lib/python3.12/site-packages/sqlalchemy/dialects/postgresql/asyncpg.py", line 797, in _handle_exception
    raise translated_error from error
sqlalchemy.exc.ProgrammingError: (sqlalchemy.dialects.postgresql.asyncpg.ProgrammingError) <class 'asyncpg.exceptions.DatatypeMismatchError'>: column "target_time" is of type time without time zone but expression is of type character varying
HINT:  You will need to rewrite or cast the expression.
[SQL: INSERT INTO template_tasks (id, template_id, title, description, priority, category_label, relative_day_offset, target_time, duration_minutes, checklist, subtasks) VALUES ($1::UUID, $2::UUID, $3::VARCHAR, $4::VARCHAR, $5::INTEGER, $6::VARCHAR, $7::INTEGER, $8::VARCHAR, $9::INTEGER, $10::JSON, $11::JSON) RETURNING template_tasks.created_at]
[parameters: ('888b0ee9-5477-40b1-bb16-d27d702e725a', 'b4dd83a6-e091-4d8c-b920-08cb170e53a9', 'Test Task', None, 1, None, 0, '10:00:00', 60, '[]', '[]')]
(Background on this error at: https://sqlalche.me/e/20/f405)
